[+] Entering foo(a = Foo("Foo"))
[-] Exiting foo = Foo(
    "Foo",
)
