[+] Entering foo()
I'm in foo!
[-] Exiting foo = ()
[+] Entering bar()
[-] Exiting bar = ()
